2026-09-05 18:50:20,927 WARNING subprocess: nmap timed out after 600.0s — terminating pid 4191
2026-09-05 18:50:20,931 WARNING nmap_vuln: nmap XML parse failed (no element found: line 15, column 0); falling back to plaintext regex parser
2026-09-05 19:04:52,298 INFO    orchestrator: loaded 4 module(s): http_bruteforce, metasploit, nmap, nmap_vuln
2026-09-05 19:05:04,599 INFO    orchestrator: loaded 4 module(s): http_bruteforce, metasploit, nmap, nmap_vuln
2026-09-05 19:05:38,080 INFO    orchestrator: loaded 4 module(s): http_bruteforce, metasploit, nmap, nmap_vuln
2026-09-05 19:05:49,142 INFO    orchestrator: loaded 4 module(s): http_bruteforce, metasploit, nmap, nmap_vuln
2026-09-05 19:07:18,903 INFO    orchestrator: loaded 4 module(s): http_bruteforce, metasploit, nmap, nmap_vuln
2026-09-05 19:07:35,710 INFO    orchestrator: loaded 4 module(s): http_bruteforce, metasploit, nmap, nmap_vuln
2026-09-05 19:08:13,666 INFO    orchestrator: loaded 4 module(s): http_bruteforce, metasploit, nmap, nmap_vuln
2026-09-05 19:08:27,109 INFO    orchestrator: loaded 4 module(s): http_bruteforce, metasploit, nmap, nmap_vuln
2026-09-05 19:08:36,809 INFO    orchestrator: loaded 4 module(s): http_bruteforce, metasploit, nmap, nmap_vuln
2026-09-05 19:08:52,866 INFO    orchestrator: loaded 4 module(s): http_bruteforce, metasploit, nmap, nmap_vuln
2026-09-05 19:09:03,876 INFO    orchestrator: loaded 4 module(s): http_bruteforce, metasploit, nmap, nmap_vuln
2026-09-05 19:09:45,626 INFO    orchestrator: loaded 4 module(s): http_bruteforce, metasploit, nmap, nmap_vuln
2026-09-05 19:09:57,371 INFO    orchestrator: loaded 4 module(s): http_bruteforce, metasploit, nmap, nmap_vuln
2026-09-05 19:10:12,091 INFO    orchestrator: loaded 4 module(s): http_bruteforce, metasploit, nmap, nmap_vuln
2026-09-05 19:10:24,710 INFO    orchestrator: loaded 4 module(s): http_bruteforce, metasploit, nmap, nmap_vuln
2026-09-05 19:10:50,105 INFO    orchestrator: loaded 4 module(s): http_bruteforce, metasploit, nmap, nmap_vuln
2026-09-05 19:11:04,288 INFO    orchestrator: loaded 4 module(s): http_bruteforce, metasploit, nmap, nmap_vuln
2026-09-05 19:11:04,976 INFO    orchestrator: executing module=http_bruteforce
2026-09-05 19:11:04,988 INFO    orchestrator: module=http_bruteforce finished status=SUCCESS duration_ms=6.7
2026-09-05 19:11:25,940 INFO    orchestrator: loaded 4 module(s): http_bruteforce, metasploit, nmap, nmap_vuln
2026-09-05 19:11:26,640 INFO    orchestrator: executing module=http_bruteforce
2026-09-05 19:11:26,646 INFO    orchestrator: module=http_bruteforce finished status=SUCCESS duration_ms=4.4
2026-09-05 19:12:47,360 INFO    orchestrator: loaded 4 module(s): http_bruteforce, metasploit, nmap, nmap_vuln
2026-09-05 19:12:47,360 INFO    orchestrator: executing module=nmap
2026-09-05 19:12:47,393 INFO    orchestrator: module=nmap finished status=SUCCESS duration_ms=30.7
2026-09-05 19:12:47,393 INFO    orchestrator: executing module=nmap_vuln
2026-09-05 19:12:47,468 INFO    orchestrator: module=nmap_vuln finished status=SUCCESS duration_ms=74.5
2026-09-05 19:12:47,508 INFO    orchestrator: executing module=http_bruteforce
2026-09-05 19:12:47,611 INFO    orchestrator: module=http_bruteforce finished status=SUCCESS duration_ms=102.7
2026-09-05 19:12:47,974 INFO    orchestrator: executing module=http_bruteforce
2026-09-05 19:12:48,082 INFO    orchestrator: module=http_bruteforce finished status=SUCCESS duration_ms=107.6
2026-09-05 19:12:48,480 ERROR   orchestrator: module metasploit unavailable: [MISSING] (metasploit) MSF_RPC_PASSWORD is not set. Start the RPC daemon with 'msfrpcd -P <password> -a 127.0.0.1 -p 55553' and export MSF_RPC_PASSWORD=<password> (or put it in a .env file).
2026-09-05 19:13:23,936 INFO    orchestrator: loaded 4 module(s): http_bruteforce, metasploit, nmap, nmap_vuln
2026-09-05 19:13:23,970 INFO    orchestrator: executing module=http_bruteforce
2026-09-05 19:13:23,973 INFO    orchestrator: module=http_bruteforce finished status=SUCCESS duration_ms=1.9
2026-09-05 19:13:40,013 INFO    orchestrator: loaded 4 module(s): http_bruteforce, metasploit, nmap, nmap_vuln
2026-09-05 19:13:40,048 INFO    orchestrator: executing module=http_bruteforce
2026-09-05 19:13:40,050 INFO    orchestrator: module=http_bruteforce finished status=SUCCESS duration_ms=2.4
2026-09-05 19:13:51,562 INFO    orchestrator: loaded 4 module(s): http_bruteforce, metasploit, nmap, nmap_vuln
2026-09-05 19:13:51,563 INFO    orchestrator: executing module=nmap
2026-09-05 19:13:51,592 INFO    orchestrator: module=nmap finished status=SUCCESS duration_ms=28.5
2026-09-05 19:13:51,593 INFO    orchestrator: executing module=nmap_vuln
2026-09-05 19:13:51,662 INFO    orchestrator: module=nmap_vuln finished status=SUCCESS duration_ms=68.4
2026-09-05 19:13:51,702 INFO    orchestrator: executing module=http_bruteforce
2026-09-05 19:13:51,805 INFO    orchestrator: module=http_bruteforce finished status=SUCCESS duration_ms=102.2
2026-09-05 19:13:52,168 INFO    orchestrator: executing module=http_bruteforce
2026-09-05 19:13:52,272 INFO    orchestrator: module=http_bruteforce finished status=SUCCESS duration_ms=103.2
2026-09-05 19:13:52,674 ERROR   orchestrator: module metasploit unavailable: [MISSING] (metasploit) MSF_RPC_PASSWORD is not set. Start the RPC daemon with 'msfrpcd -P <password> -a 127.0.0.1 -p 55553' and export MSF_RPC_PASSWORD=<password> (or put it in a .env file).
2026-09-05 19:14:18,000 INFO    orchestrator: loaded 4 module(s): http_bruteforce, metasploit, nmap, nmap_vuln
2026-09-05 19:14:18,000 INFO    orchestrator: executing module=nmap
2026-09-05 19:14:18,025 INFO    orchestrator: module=nmap finished status=SUCCESS duration_ms=24.4
2026-09-05 19:14:18,026 INFO    orchestrator: executing module=nmap_vuln
2026-09-05 19:14:18,097 INFO    orchestrator: module=nmap_vuln finished status=SUCCESS duration_ms=70.1
2026-09-05 19:14:18,134 INFO    orchestrator: executing module=http_bruteforce
2026-09-05 19:14:18,237 INFO    orchestrator: module=http_bruteforce finished status=SUCCESS duration_ms=102.7
2026-09-05 19:14:50,751 INFO    orchestrator: loaded 4 module(s): http_bruteforce, metasploit, nmap, nmap_vuln
2026-09-05 19:14:50,752 INFO    orchestrator: executing module=nmap
2026-09-05 19:14:50,778 INFO    orchestrator: module=nmap finished status=SUCCESS duration_ms=26.0
2026-09-05 19:14:50,779 INFO    orchestrator: executing module=nmap_vuln
2026-09-05 19:14:50,847 INFO    orchestrator: module=nmap_vuln finished status=SUCCESS duration_ms=67.4
2026-09-05 19:14:50,884 INFO    orchestrator: executing module=http_bruteforce
2026-09-05 19:14:50,887 INFO    orchestrator: module=http_bruteforce finished status=SUCCESS duration_ms=2.4
2026-09-05 19:14:51,388 INFO    orchestrator: executing module=http_bruteforce
2026-09-05 19:14:51,447 INFO    orchestrator: module=http_bruteforce finished status=SUCCESS duration_ms=58.8
2026-09-05 19:14:51,954 ERROR   orchestrator: module metasploit unavailable: [MISSING] (metasploit) MSF_RPC_PASSWORD is not set. Start the RPC daemon with 'msfrpcd -P <password> -a 127.0.0.1 -p 55553' and export MSF_RPC_PASSWORD=<password> (or put it in a .env file).
2026-09-05 20:15:40,254 INFO    orchestrator: loaded 4 module(s): http_bruteforce, metasploit, nmap, nmap_vuln
2026-09-05 20:15:40,258 INFO    orchestrator: executing module=nmap
2026-09-05 20:15:40,305 INFO    orchestrator: module=nmap finished status=SUCCESS duration_ms=45.2
2026-09-05 20:15:40,305 INFO    orchestrator: executing module=nmap_vuln
2026-09-05 20:15:40,388 INFO    orchestrator: module=nmap_vuln finished status=SUCCESS duration_ms=81.3
2026-09-05 20:15:40,561 INFO    orchestrator: executing module=http_bruteforce
2026-09-05 20:15:40,567 INFO    orchestrator: module=http_bruteforce finished status=SUCCESS duration_ms=6.0
2026-09-05 20:15:41,068 INFO    orchestrator: executing module=http_bruteforce
2026-09-05 20:15:41,136 INFO    orchestrator: module=http_bruteforce finished status=SUCCESS duration_ms=67.4
2026-09-05 20:15:41,636 ERROR   orchestrator: module metasploit unavailable: [MISSING] (metasploit) pymetasploit3 is not installed. Install dependencies with: pip install -r requirements.txt
2026-09-05 20:15:55,859 INFO    orchestrator: loaded 4 module(s): http_bruteforce, metasploit, nmap, nmap_vuln
2026-09-05 20:15:55,859 INFO    orchestrator: executing module=nmap
2026-09-05 20:15:55,893 INFO    orchestrator: module=nmap finished status=SUCCESS duration_ms=32.8
2026-09-05 20:15:55,893 INFO    orchestrator: executing module=nmap_vuln
2026-09-05 20:15:55,991 INFO    orchestrator: module=nmap_vuln finished status=SUCCESS duration_ms=96.5
2026-09-05 20:15:56,068 INFO    orchestrator: executing module=http_bruteforce
2026-09-05 20:15:56,076 INFO    orchestrator: module=http_bruteforce finished status=SUCCESS duration_ms=7.4
2026-09-05 20:15:56,579 INFO    orchestrator: executing module=http_bruteforce
2026-09-05 20:15:56,635 INFO    orchestrator: module=http_bruteforce finished status=SUCCESS duration_ms=55.6
2026-09-05 20:15:57,135 ERROR   orchestrator: module metasploit unavailable: [MISSING] (metasploit) pymetasploit3 is not installed. Install dependencies with: pip install -r requirements.txt
2026-09-05 20:17:15,751 INFO    orchestrator: loaded 4 module(s): http_bruteforce, metasploit, nmap, nmap_vuln
2026-09-05 20:17:15,752 INFO    orchestrator: executing module=nmap
2026-09-05 20:17:15,790 INFO    orchestrator: module=nmap finished status=SUCCESS duration_ms=35.9
2026-09-05 20:17:15,790 INFO    orchestrator: executing module=nmap_vuln
2026-09-05 20:17:15,881 INFO    orchestrator: module=nmap_vuln finished status=SUCCESS duration_ms=89.4
2026-09-05 20:17:15,949 INFO    orchestrator: executing module=http_bruteforce
2026-09-05 20:17:15,968 INFO    orchestrator: module=http_bruteforce finished status=SUCCESS duration_ms=19.1
2026-09-05 20:17:16,471 INFO    orchestrator: executing module=http_bruteforce
2026-09-05 20:17:16,527 INFO    orchestrator: module=http_bruteforce finished status=SUCCESS duration_ms=56.2
2026-09-05 20:17:17,028 ERROR   orchestrator: module metasploit unavailable: [MISSING] (metasploit) pymetasploit3 is not installed. Install dependencies with: pip install -r requirements.txt
2026-09-06 14:52:01,842 INFO    orchestrator: loaded 4 module(s): http_bruteforce, metasploit, nmap, nmap_vuln
2026-09-06 14:52:01,844 INFO    orchestrator: executing module=nmap
2026-09-06 14:52:01,916 INFO    orchestrator: module=nmap finished status=SUCCESS duration_ms=69.0
2026-09-06 14:52:01,916 INFO    orchestrator: executing module=nmap_vuln
2026-09-06 14:52:02,063 INFO    orchestrator: module=nmap_vuln finished status=SUCCESS duration_ms=145.9
2026-09-06 14:52:02,128 INFO    orchestrator: executing module=http_bruteforce
2026-09-06 14:52:02,132 INFO    orchestrator: module=http_bruteforce finished status=SUCCESS duration_ms=2.7
2026-09-06 14:52:02,635 INFO    orchestrator: executing module=http_bruteforce
2026-09-06 14:52:02,707 INFO    orchestrator: module=http_bruteforce finished status=SUCCESS duration_ms=70.4
2026-09-06 14:52:03,234 ERROR   orchestrator: module metasploit unavailable: [MISSING] (metasploit) MSF_RPC_PASSWORD is not set. Start the RPC daemon with 'msfrpcd -P <password> -a 127.0.0.1 -p 55553' and export MSF_RPC_PASSWORD=<password> (or put it in a .env file).
2026-09-06 15:03:17,669 INFO    orchestrator: loaded 4 module(s): http_bruteforce, metasploit, nmap, nmap_vuln
2026-09-06 15:03:17,710 INFO    orchestrator: executing module=http_bruteforce
2026-09-06 15:03:17,871 INFO    orchestrator: module=http_bruteforce finished status=SUCCESS duration_ms=161.1
2026-09-06 15:03:44,126 INFO    orchestrator: loaded 4 module(s): http_bruteforce, metasploit, nmap, nmap_vuln
2026-09-06 15:03:44,180 INFO    orchestrator: executing module=http_bruteforce
2026-09-06 15:03:44,296 INFO    orchestrator: module=http_bruteforce finished status=SUCCESS duration_ms=114.8
2026-09-06 15:03:44,797 INFO    orchestrator: executing module=http_bruteforce
2026-09-06 15:03:44,856 INFO    orchestrator: module=http_bruteforce finished status=SUCCESS duration_ms=58.6
2026-09-06 15:04:17,394 INFO    orchestrator: loaded 4 module(s): http_bruteforce, metasploit, nmap, nmap_vuln
2026-09-06 15:04:17,394 INFO    orchestrator: executing module=nmap
2026-09-06 15:04:17,528 INFO    orchestrator: module=nmap finished status=SUCCESS duration_ms=132.4
2026-09-06 15:04:17,528 INFO    orchestrator: executing module=nmap_vuln
2026-09-06 15:04:17,623 INFO    orchestrator: module=nmap_vuln finished status=SUCCESS duration_ms=93.9
2026-09-06 15:04:17,674 INFO    orchestrator: executing module=http_bruteforce
2026-09-06 15:04:17,678 INFO    orchestrator: module=http_bruteforce finished status=SUCCESS duration_ms=4.2
2026-09-06 15:04:18,180 INFO    orchestrator: executing module=http_bruteforce
2026-09-06 15:04:18,257 INFO    orchestrator: module=http_bruteforce finished status=SUCCESS duration_ms=76.3
2026-09-06 15:04:18,767 ERROR   orchestrator: module metasploit unavailable: [MISSING] (metasploit) MSF_RPC_PASSWORD is not set. Start the RPC daemon with 'msfrpcd -P <password> -a 127.0.0.1 -p 55553' and export MSF_RPC_PASSWORD=<password> (or put it in a .env file).
2026-09-06 15:04:28,397 INFO    orchestrator: loaded 4 module(s): http_bruteforce, metasploit, nmap, nmap_vuln
2026-09-06 15:04:28,397 INFO    orchestrator: executing module=nmap
2026-09-06 15:04:28,439 INFO    orchestrator: module=nmap finished status=SUCCESS duration_ms=39.6
2026-09-06 15:04:28,439 INFO    orchestrator: executing module=nmap_vuln
2026-09-06 15:04:28,540 INFO    orchestrator: module=nmap_vuln finished status=SUCCESS duration_ms=99.6
2026-09-06 15:04:28,607 INFO    orchestrator: executing module=http_bruteforce
2026-09-06 15:04:28,613 INFO    orchestrator: module=http_bruteforce finished status=SUCCESS duration_ms=4.8
2026-09-06 15:04:29,115 INFO    orchestrator: executing module=http_bruteforce
2026-09-06 15:04:29,175 INFO    orchestrator: module=http_bruteforce finished status=SUCCESS duration_ms=59.5
2026-09-06 15:04:29,683 ERROR   orchestrator: module metasploit unavailable: [MISSING] (metasploit) MSF_RPC_PASSWORD is not set. Start the RPC daemon with 'msfrpcd -P <password> -a 127.0.0.1 -p 55553' and export MSF_RPC_PASSWORD=<password> (or put it in a .env file).
2026-09-06 15:06:33,122 INFO    orchestrator: loaded 4 module(s): http_bruteforce, metasploit, nmap, nmap_vuln
2026-09-06 15:06:33,122 INFO    orchestrator: executing module=nmap
2026-09-06 15:06:33,170 INFO    orchestrator: module=nmap finished status=SUCCESS duration_ms=46.1
2026-09-06 15:06:33,170 INFO    orchestrator: executing module=nmap_vuln
2026-09-06 15:06:33,268 INFO    orchestrator: module=nmap_vuln finished status=SUCCESS duration_ms=96.1
2026-09-06 15:06:33,331 INFO    orchestrator: executing module=http_bruteforce
2026-09-06 15:06:33,335 INFO    orchestrator: module=http_bruteforce finished status=SUCCESS duration_ms=3.6
2026-09-06 15:06:33,836 INFO    orchestrator: executing module=http_bruteforce
2026-09-06 15:06:33,895 INFO    orchestrator: module=http_bruteforce finished status=SUCCESS duration_ms=59.0
2026-09-06 15:06:34,401 ERROR   orchestrator: module metasploit unavailable: [MISSING] (metasploit) MSF_RPC_PASSWORD is not set. Start the RPC daemon with 'msfrpcd -P <password> -a 127.0.0.1 -p 55553' and export MSF_RPC_PASSWORD=<password> (or put it in a .env file).
2026-09-06 15:07:43,838 INFO    orchestrator: loaded 4 module(s): http_bruteforce, metasploit, nmap, nmap_vuln
2026-09-06 15:07:43,838 INFO    orchestrator: executing module=nmap
2026-09-06 15:07:43,881 INFO    orchestrator: module=nmap finished status=SUCCESS duration_ms=40.8
2026-09-06 15:07:43,881 INFO    orchestrator: executing module=nmap_vuln
2026-09-06 15:07:44,026 INFO    orchestrator: module=nmap_vuln finished status=SUCCESS duration_ms=144.1
2026-09-06 15:07:44,082 INFO    orchestrator: executing module=http_bruteforce
2026-09-06 15:07:44,087 INFO    orchestrator: module=http_bruteforce finished status=SUCCESS duration_ms=4.5
2026-09-06 15:07:44,588 INFO    orchestrator: executing module=http_bruteforce
2026-09-06 15:07:44,648 INFO    orchestrator: module=http_bruteforce finished status=SUCCESS duration_ms=59.1
2026-09-06 15:07:45,159 ERROR   orchestrator: module metasploit unavailable: [MISSING] (metasploit) MSF_RPC_PASSWORD is not set. Start the RPC daemon with 'msfrpcd -P <password> -a 127.0.0.1 -p 55553' and export MSF_RPC_PASSWORD=<password> (or put it in a .env file).
2026-09-06 19:29:31,193 INFO    orchestrator: loaded 4 module(s): http_bruteforce, metasploit, nmap, nmap_vuln
2026-09-06 19:29:31,194 INFO    orchestrator: executing module=nmap
2026-09-06 19:29:31,297 INFO    orchestrator: module=nmap finished status=SUCCESS duration_ms=99.7
2026-09-06 19:29:31,297 INFO    orchestrator: executing module=nmap_vuln
2026-09-06 19:29:31,461 INFO    orchestrator: module=nmap_vuln finished status=SUCCESS duration_ms=162.4
2026-09-06 19:29:31,665 INFO    orchestrator: executing module=http_bruteforce
2026-09-06 19:29:31,669 INFO    orchestrator: module=http_bruteforce finished status=SUCCESS duration_ms=3.9
2026-09-06 19:29:32,171 INFO    orchestrator: executing module=http_bruteforce
2026-09-06 19:29:32,236 INFO    orchestrator: module=http_bruteforce finished status=SUCCESS duration_ms=63.9
2026-09-06 19:29:32,736 ERROR   orchestrator: module metasploit unavailable: [MISSING] (metasploit) pymetasploit3 is not installed. Install dependencies with: pip install -r requirements.txt
2026-09-06 19:29:32,774 INFO    talos.security: JWT analyzed algorithm=HS256 findings=2
2026-09-06 19:29:32,775 INFO    talos.security: HIBP lookup skipped because HIBP_API_KEY is absent
2026-09-06 19:29:40,018 INFO    orchestrator: loaded 4 module(s): http_bruteforce, metasploit, nmap, nmap_vuln
2026-09-06 19:29:40,018 INFO    orchestrator: executing module=nmap
2026-09-06 19:29:40,085 INFO    orchestrator: module=nmap finished status=SUCCESS duration_ms=64.3
2026-09-06 19:29:40,085 INFO    orchestrator: executing module=nmap_vuln
2026-09-06 19:29:40,217 INFO    orchestrator: module=nmap_vuln finished status=SUCCESS duration_ms=129.5
2026-09-06 19:29:40,334 INFO    orchestrator: executing module=http_bruteforce
2026-09-06 19:29:40,340 INFO    orchestrator: module=http_bruteforce finished status=SUCCESS duration_ms=5.2
2026-09-06 19:29:40,842 INFO    orchestrator: executing module=http_bruteforce
2026-09-06 19:29:40,908 INFO    orchestrator: module=http_bruteforce finished status=SUCCESS duration_ms=64.3
2026-09-06 19:29:41,408 ERROR   orchestrator: module metasploit unavailable: [MISSING] (metasploit) pymetasploit3 is not installed. Install dependencies with: pip install -r requirements.txt
2026-09-06 19:29:45,199 INFO    talos.security: HTTP method test target=https://example.com methods={'HEAD': {'status': 200, 'length': 0, 'allowed': True, 'allow': 'GET, HEAD', 'trace_reflection': ''}, 'PUT': {'status': 405, 'length': 558, 'allowed': False, 'allow': '', 'trace_reflection': ''}, 'DELETE': {'status': 405, 'length': 558, 'allowed': False, 'allow': '', 'trace_reflection': ''}, 'PATCH': {'status': 405, 'length': 558, 'allowed': False, 'allow': '', 'trace_reflection': ''}, 'OPTIONS': {'status': 405, 'length': 558, 'allowed': False, 'allow': '', 'trace_reflection': ''}, 'TRACE': {'status': 405, 'length': 155, 'allowed': False, 'allow': '', 'trace_reflection': '<html>\r <head><title>405 Not Allowed</title></head>\r <body>\r <center><h1>405 Not'}}
2026-09-06 19:29:45,379 INFO    talos.security: vhost scan target=http://example.com tested=3 findings=2
2026-09-06 19:29:45,581 INFO    talos.security: directory scan target=https://example.com tested=3 findings=0
2026-09-06 19:30:03,753 INFO    talos.security: WAF detection target=https://example.com likely=False evidence=0
2026-09-06 19:30:03,762 INFO    talos.security: JWT analyzed algorithm=HS256 findings=2
2026-09-06 19:30:03,881 INFO    talos.security: HTTP2/TLS check host=example.com port=443
2026-09-06 19:30:03,883 INFO    talos.security: HIBP lookup skipped because HIBP_API_KEY is absent
2026-09-06 19:30:03,904 INFO    talos.security: takeover check tested=2 findings=0
2026-09-06 19:30:26,825 INFO    orchestrator: loaded 4 module(s): http_bruteforce, metasploit, nmap, nmap_vuln
2026-09-06 19:30:26,826 INFO    orchestrator: executing module=nmap
2026-09-06 19:30:26,915 INFO    orchestrator: module=nmap finished status=SUCCESS duration_ms=87.0
2026-09-06 19:30:26,916 INFO    orchestrator: executing module=nmap_vuln
2026-09-06 19:30:27,064 INFO    orchestrator: module=nmap_vuln finished status=SUCCESS duration_ms=146.0
2026-09-06 19:30:27,223 INFO    orchestrator: executing module=http_bruteforce
2026-09-06 19:30:27,227 INFO    orchestrator: module=http_bruteforce finished status=SUCCESS duration_ms=4.2
2026-09-06 19:30:27,729 INFO    orchestrator: executing module=http_bruteforce
2026-09-06 19:30:27,792 INFO    orchestrator: module=http_bruteforce finished status=SUCCESS duration_ms=61.9
2026-09-06 19:30:28,292 ERROR   orchestrator: module metasploit unavailable: [MISSING] (metasploit) pymetasploit3 is not installed. Install dependencies with: pip install -r requirements.txt
2026-09-06 19:30:28,337 INFO    talos.security: JWT analyzed algorithm=HS256 findings=2
2026-09-06 19:30:28,337 INFO    talos.security: HIBP lookup skipped because HIBP_API_KEY is absent
2026-09-06 19:30:51,160 INFO    orchestrator: loaded 4 module(s): http_bruteforce, metasploit, nmap, nmap_vuln
2026-09-06 19:30:51,160 INFO    orchestrator: executing module=nmap
2026-09-06 19:30:51,221 INFO    orchestrator: module=nmap finished status=SUCCESS duration_ms=58.6
2026-09-06 19:30:51,222 INFO    orchestrator: executing module=nmap_vuln
2026-09-06 19:30:51,351 INFO    orchestrator: module=nmap_vuln finished status=SUCCESS duration_ms=127.6
2026-09-06 19:30:51,454 INFO    orchestrator: executing module=http_bruteforce
2026-09-06 19:30:51,457 INFO    orchestrator: module=http_bruteforce finished status=SUCCESS duration_ms=2.8
2026-09-06 19:30:51,959 INFO    orchestrator: executing module=http_bruteforce
2026-09-06 19:30:52,022 INFO    orchestrator: module=http_bruteforce finished status=SUCCESS duration_ms=63.2
2026-09-06 19:30:52,523 ERROR   orchestrator: module metasploit unavailable: [MISSING] (metasploit) pymetasploit3 is not installed. Install dependencies with: pip install -r requirements.txt
2026-09-06 19:30:52,567 INFO    talos.security: JWT analyzed algorithm=HS256 findings=2
2026-09-06 19:30:52,568 INFO    talos.security: HIBP lookup skipped because HIBP_API_KEY is absent
2026-09-06 19:32:40,322 INFO    talos.security: HTTP method test target=http://www.google.com methods={'HEAD': {'status': 200, 'length': 0, 'allowed': True, 'allow': '', 'trace_reflection': ''}, 'PUT': {'status': 405, 'length': 1588, 'allowed': False, 'allow': '', 'trace_reflection': ''}, 'DELETE': {'status': 405, 'length': 1591, 'allowed': False, 'allow': '', 'trace_reflection': ''}, 'PATCH': {'status': 405, 'length': 1590, 'allowed': False, 'allow': '', 'trace_reflection': ''}, 'OPTIONS': {'status': 405, 'length': 1592, 'allowed': False, 'allow': '', 'trace_reflection': ''}, 'TRACE': {'status': 405, 'length': 1590, 'allowed': False, 'allow': '', 'trace_reflection': '<!DOCTYPE html> <html lang=en>   <meta charset=utf-8>   <meta name=viewport cont'}}
2026-09-06 19:33:01,828 INFO    talos.security: directory scan target=http://www.google.com tested=6 findings=2
2026-09-06 19:34:47,417 INFO    orchestrator: loaded 4 module(s): http_bruteforce, metasploit, nmap, nmap_vuln
2026-09-06 19:34:47,417 INFO    orchestrator: executing module=nmap
2026-09-06 19:34:47,474 INFO    orchestrator: module=nmap finished status=SUCCESS duration_ms=54.7
2026-09-06 19:34:47,474 INFO    orchestrator: executing module=nmap_vuln
2026-09-06 19:34:47,609 INFO    orchestrator: module=nmap_vuln finished status=SUCCESS duration_ms=133.3
2026-09-06 19:34:47,697 INFO    orchestrator: executing module=http_bruteforce
2026-09-06 19:34:47,702 INFO    orchestrator: module=http_bruteforce finished status=SUCCESS duration_ms=4.7
2026-09-06 19:34:48,204 INFO    orchestrator: executing module=http_bruteforce
2026-09-06 19:34:48,260 INFO    orchestrator: module=http_bruteforce finished status=SUCCESS duration_ms=55.6
2026-09-06 19:34:48,760 ERROR   orchestrator: module metasploit unavailable: [MISSING] (metasploit) pymetasploit3 is not installed. Install dependencies with: pip install -r requirements.txt
2026-09-06 19:34:48,813 INFO    talos.security: JWT analyzed algorithm=HS256 findings=2
2026-09-06 19:34:48,813 INFO    talos.security: HIBP lookup skipped because HIBP_API_KEY is absent
2026-09-06 19:36:32,424 INFO    orchestrator: loaded 4 module(s): http_bruteforce, metasploit, nmap, nmap_vuln
2026-09-06 19:36:32,425 INFO    orchestrator: executing module=nmap
2026-09-06 19:36:32,498 INFO    orchestrator: module=nmap finished status=SUCCESS duration_ms=69.9
2026-09-06 19:36:32,498 INFO    orchestrator: executing module=nmap_vuln
2026-09-06 19:36:32,647 INFO    orchestrator: module=nmap_vuln finished status=SUCCESS duration_ms=147.1
2026-09-06 19:36:32,755 INFO    orchestrator: executing module=http_bruteforce
2026-09-06 19:36:32,762 INFO    orchestrator: module=http_bruteforce finished status=SUCCESS duration_ms=6.2
2026-09-06 19:36:33,263 INFO    orchestrator: executing module=http_bruteforce
2026-09-06 19:36:33,327 INFO    orchestrator: module=http_bruteforce finished status=SUCCESS duration_ms=62.4
2026-09-06 19:36:33,826 ERROR   orchestrator: module metasploit unavailable: [MISSING] (metasploit) pymetasploit3 is not installed. Install dependencies with: pip install -r requirements.txt
2026-09-06 19:36:33,867 INFO    talos.security: JWT analyzed algorithm=HS256 findings=2
2026-09-06 19:36:33,868 INFO    talos.security: HIBP lookup skipped because HIBP_API_KEY is absent
2026-09-06 19:37:12,275 INFO    orchestrator: loaded 4 module(s): http_bruteforce, metasploit, nmap, nmap_vuln
2026-09-06 19:37:12,275 INFO    orchestrator: executing module=nmap
2026-09-06 19:37:12,352 INFO    orchestrator: module=nmap finished status=SUCCESS duration_ms=74.9
2026-09-06 19:37:12,353 INFO    orchestrator: executing module=nmap_vuln
2026-09-06 19:37:12,492 INFO    orchestrator: module=nmap_vuln finished status=SUCCESS duration_ms=137.5
2026-09-06 19:37:12,611 INFO    orchestrator: executing module=http_bruteforce
2026-09-06 19:37:12,616 INFO    orchestrator: module=http_bruteforce finished status=SUCCESS duration_ms=4.4
2026-09-06 19:37:13,119 INFO    orchestrator: executing module=http_bruteforce
2026-09-06 19:37:13,181 INFO    orchestrator: module=http_bruteforce finished status=SUCCESS duration_ms=61.5
2026-09-06 19:37:13,682 ERROR   orchestrator: module metasploit unavailable: [MISSING] (metasploit) pymetasploit3 is not installed. Install dependencies with: pip install -r requirements.txt
2026-09-06 19:37:13,726 INFO    talos.security: JWT analyzed algorithm=HS256 findings=2
2026-09-06 19:37:13,727 INFO    talos.security: HIBP lookup skipped because HIBP_API_KEY is absent
2026-09-06 19:37:27,416 INFO    orchestrator: loaded 4 module(s): http_bruteforce, metasploit, nmap, nmap_vuln
2026-09-06 19:37:27,416 INFO    orchestrator: executing module=nmap
2026-09-06 19:37:27,471 INFO    orchestrator: module=nmap finished status=SUCCESS duration_ms=52.2
2026-09-06 19:37:27,471 INFO    orchestrator: executing module=nmap_vuln
2026-09-06 19:37:27,614 INFO    orchestrator: module=nmap_vuln finished status=SUCCESS duration_ms=141.6
2026-09-06 19:37:27,738 INFO    orchestrator: executing module=http_bruteforce
2026-09-06 19:37:27,743 INFO    orchestrator: module=http_bruteforce finished status=SUCCESS duration_ms=4.4
2026-09-06 19:37:28,245 INFO    orchestrator: executing module=http_bruteforce
2026-09-06 19:37:28,309 INFO    orchestrator: module=http_bruteforce finished status=SUCCESS duration_ms=63.2
2026-09-06 19:37:28,809 ERROR   orchestrator: module metasploit unavailable: [MISSING] (metasploit) pymetasploit3 is not installed. Install dependencies with: pip install -r requirements.txt
2026-09-06 19:37:28,846 INFO    talos.security: JWT analyzed algorithm=HS256 findings=2
2026-09-06 19:37:28,846 INFO    talos.security: HIBP lookup skipped because HIBP_API_KEY is absent
2026-09-06 19:37:41,929 INFO    orchestrator: loaded 4 module(s): http_bruteforce, metasploit, nmap, nmap_vuln
2026-09-06 19:37:41,930 INFO    orchestrator: executing module=nmap
2026-09-06 19:37:41,962 INFO    orchestrator: module=nmap finished status=SUCCESS duration_ms=31.3
2026-09-06 19:37:41,962 INFO    orchestrator: executing module=nmap_vuln
2026-09-06 19:37:42,046 INFO    orchestrator: module=nmap_vuln finished status=SUCCESS duration_ms=83.1
2026-09-06 19:37:42,104 INFO    orchestrator: executing module=http_bruteforce
2026-09-06 19:37:42,106 INFO    orchestrator: module=http_bruteforce finished status=SUCCESS duration_ms=2.5
2026-09-06 19:37:42,607 INFO    orchestrator: executing module=http_bruteforce
2026-09-06 19:37:42,663 INFO    orchestrator: module=http_bruteforce finished status=SUCCESS duration_ms=55.6
2026-09-06 19:37:43,164 ERROR   orchestrator: module metasploit unavailable: [MISSING] (metasploit) pymetasploit3 is not installed. Install dependencies with: pip install -r requirements.txt
2026-09-06 19:37:46,399 INFO    talos.security: HTTP method test target=https://example.com methods={'HEAD': {'status': 200, 'length': 0, 'allowed': True, 'allow': 'GET, HEAD', 'trace_reflection': ''}, 'PUT': {'status': 405, 'length': 558, 'allowed': False, 'allow': '', 'trace_reflection': ''}, 'DELETE': {'status': 405, 'length': 558, 'allowed': False, 'allow': '', 'trace_reflection': ''}, 'PATCH': {'status': 405, 'length': 558, 'allowed': False, 'allow': '', 'trace_reflection': ''}, 'OPTIONS': {'status': 405, 'length': 558, 'allowed': False, 'allow': '', 'trace_reflection': ''}, 'TRACE': {'status': 405, 'length': 155, 'allowed': False, 'allow': '', 'trace_reflection': '<html>\r <head><title>405 Not Allowed</title></head>\r <body>\r <center><h1>405 Not'}}
2026-09-06 19:37:46,667 INFO    talos.security: vhost scan target=http://example.com tested=3 findings=0
2026-09-06 19:37:46,920 INFO    talos.security: directory scan target=https://example.com tested=3 findings=0
2026-09-06 19:38:08,503 INFO    talos.security: WAF detection target=https://example.com likely=False evidence=0
2026-09-06 19:38:08,515 INFO    talos.security: JWT analyzed algorithm=HS256 findings=2
2026-09-06 19:38:08,626 INFO    talos.security: HTTP2/TLS check host=example.com port=443
2026-09-06 19:38:08,630 INFO    talos.security: HIBP lookup skipped because HIBP_API_KEY is absent
2026-09-06 19:38:08,650 INFO    talos.security: takeover check tested=2 findings=0
2026-09-06 19:38:23,572 INFO    orchestrator: loaded 4 module(s): http_bruteforce, metasploit, nmap, nmap_vuln
2026-09-06 19:38:23,573 INFO    orchestrator: executing module=nmap
2026-09-06 19:38:23,644 INFO    orchestrator: module=nmap finished status=SUCCESS duration_ms=69.2
2026-09-06 19:38:23,644 INFO    orchestrator: executing module=nmap_vuln
2026-09-06 19:38:23,868 INFO    orchestrator: module=nmap_vuln finished status=SUCCESS duration_ms=222.5
2026-09-06 19:38:23,997 INFO    orchestrator: executing module=http_bruteforce
2026-09-06 19:38:24,002 INFO    orchestrator: module=http_bruteforce finished status=SUCCESS duration_ms=4.3
2026-09-06 19:38:24,504 INFO    orchestrator: executing module=http_bruteforce
2026-09-06 19:38:24,566 INFO    orchestrator: module=http_bruteforce finished status=SUCCESS duration_ms=61.5
2026-09-06 19:38:25,067 ERROR   orchestrator: module metasploit unavailable: [MISSING] (metasploit) pymetasploit3 is not installed. Install dependencies with: pip install -r requirements.txt
2026-09-06 19:38:25,113 INFO    talos.security: JWT analyzed algorithm=HS256 findings=2
2026-09-06 19:38:25,114 INFO    talos.security: HIBP lookup skipped because HIBP_API_KEY is absent
2026-09-06 19:38:33,982 INFO    orchestrator: loaded 4 module(s): http_bruteforce, metasploit, nmap, nmap_vuln
2026-09-06 19:38:33,983 INFO    orchestrator: executing module=nmap
2026-09-06 19:38:34,047 INFO    orchestrator: module=nmap finished status=SUCCESS duration_ms=61.8
2026-09-06 19:38:34,048 INFO    orchestrator: executing module=nmap_vuln
2026-09-06 19:38:34,173 INFO    orchestrator: module=nmap_vuln finished status=SUCCESS duration_ms=124.6
2026-09-06 19:38:34,291 INFO    orchestrator: executing module=http_bruteforce
2026-09-06 19:38:34,295 INFO    orchestrator: module=http_bruteforce finished status=SUCCESS duration_ms=3.5
2026-09-06 19:38:34,798 INFO    orchestrator: executing module=http_bruteforce
2026-09-06 19:38:34,860 INFO    orchestrator: module=http_bruteforce finished status=SUCCESS duration_ms=61.9
2026-09-06 19:38:35,361 ERROR   orchestrator: module metasploit unavailable: [MISSING] (metasploit) pymetasploit3 is not installed. Install dependencies with: pip install -r requirements.txt
2026-09-06 19:38:38,740 INFO    talos.security: HTTP method test target=https://example.com methods={'HEAD': {'status': 200, 'length': 0, 'allowed': True, 'allow': 'GET, HEAD', 'trace_reflection': ''}, 'PUT': {'status': 405, 'length': 558, 'allowed': False, 'allow': '', 'trace_reflection': ''}, 'DELETE': {'status': 405, 'length': 558, 'allowed': False, 'allow': '', 'trace_reflection': ''}, 'PATCH': {'status': 405, 'length': 558, 'allowed': False, 'allow': '', 'trace_reflection': ''}, 'OPTIONS': {'status': 405, 'length': 558, 'allowed': False, 'allow': '', 'trace_reflection': ''}, 'TRACE': {'status': 405, 'length': 155, 'allowed': False, 'allow': '', 'trace_reflection': '<html>\r <head><title>405 Not Allowed</title></head>\r <body>\r <center><h1>405 Not'}}
2026-09-06 19:38:39,018 INFO    talos.security: vhost scan target=http://example.com tested=3 findings=0
2026-09-06 19:38:39,308 INFO    talos.security: directory scan target=https://example.com tested=3 findings=0
2026-09-06 19:38:50,127 INFO    talos.security: WAF detection target=https://example.com likely=False evidence=0
2026-09-06 19:38:50,132 INFO    talos.security: JWT analyzed algorithm=HS256 findings=2
2026-09-06 19:38:50,223 INFO    talos.security: HTTP2/TLS check host=example.com port=443
2026-09-06 19:38:50,225 INFO    talos.security: HIBP lookup skipped because HIBP_API_KEY is absent
2026-09-06 19:38:50,243 INFO    talos.security: takeover check tested=2 findings=0
2026-09-06 19:40:13,113 INFO    talos.menu: module=27 title=Open Port Finder (fast) elapsed_ms=15227.433 result_keys_added=['open_port_finder'] total_result_sets=1
2026-09-06 19:41:28,830 INFO    talos.menu: module=37 title=Nmap Vulnerability Scan elapsed_ms=61464.427 result_keys_added=['nmap_vuln'] total_result_sets=2
2026-09-06 19:43:59,422 INFO    talos.menu: module=36 title=HTTP Login Brute-Forcer elapsed_ms=26718.266 result_keys_added=['http_bruteforce'] total_result_sets=3
2026-09-06 19:46:47,425 INFO    orchestrator: loaded 4 module(s): http_bruteforce, metasploit, nmap, nmap_vuln
2026-09-06 19:46:47,429 INFO    orchestrator: executing module=nmap
2026-09-06 19:46:47,547 INFO    orchestrator: module=nmap finished status=SUCCESS duration_ms=114.6
2026-09-06 19:46:47,547 INFO    orchestrator: executing module=nmap_vuln
2026-09-06 19:46:47,733 INFO    orchestrator: module=nmap_vuln finished status=SUCCESS duration_ms=183.7
2026-09-06 19:46:48,132 INFO    orchestrator: executing module=http_bruteforce
2026-09-06 19:46:48,138 INFO    orchestrator: module=http_bruteforce finished status=SUCCESS duration_ms=4.8
2026-09-06 19:46:48,639 INFO    orchestrator: executing module=http_bruteforce
2026-09-06 19:46:48,704 INFO    orchestrator: module=http_bruteforce finished status=SUCCESS duration_ms=64.4
2026-09-06 19:46:49,206 INFO    orchestrator: executing module=http_bruteforce
2026-09-06 19:46:49,275 INFO    orchestrator: module=http_bruteforce finished status=SUCCESS duration_ms=68.3
2026-09-06 19:46:49,775 ERROR   orchestrator: module metasploit unavailable: [MISSING] (metasploit) pymetasploit3 is not installed. Install dependencies with: pip install -r requirements.txt
2026-09-06 19:46:49,894 INFO    talos.security: JWT analyzed algorithm=HS256 findings=2
2026-09-06 19:46:49,895 INFO    talos.security: HIBP lookup skipped because HIBP_API_KEY is absent
2026-09-06 19:47:00,986 INFO    orchestrator: loaded 4 module(s): http_bruteforce, metasploit, nmap, nmap_vuln
2026-09-06 19:47:00,987 INFO    orchestrator: executing module=nmap
2026-09-06 19:47:01,050 INFO    orchestrator: module=nmap finished status=SUCCESS duration_ms=60.1
2026-09-06 19:47:01,050 INFO    orchestrator: executing module=nmap_vuln
2026-09-06 19:47:01,210 INFO    orchestrator: module=nmap_vuln finished status=SUCCESS duration_ms=157.6
2026-09-06 19:47:01,307 INFO    orchestrator: executing module=http_bruteforce
2026-09-06 19:47:01,312 INFO    orchestrator: module=http_bruteforce finished status=SUCCESS duration_ms=3.6
2026-09-06 19:47:01,813 INFO    orchestrator: executing module=http_bruteforce
2026-09-06 19:47:01,876 INFO    orchestrator: module=http_bruteforce finished status=SUCCESS duration_ms=61.7
2026-09-06 19:47:02,377 INFO    orchestrator: executing module=http_bruteforce
2026-09-06 19:47:02,439 INFO    orchestrator: module=http_bruteforce finished status=SUCCESS duration_ms=61.7
2026-09-06 19:47:02,939 ERROR   orchestrator: module metasploit unavailable: [MISSING] (metasploit) pymetasploit3 is not installed. Install dependencies with: pip install -r requirements.txt
2026-09-06 19:47:02,972 INFO    talos.security: JWT analyzed algorithm=HS256 findings=2
2026-09-06 19:47:02,973 INFO    talos.security: HIBP lookup skipped because HIBP_API_KEY is absent
2026-09-06 19:47:07,958 INFO    orchestrator: loaded 4 module(s): http_bruteforce, metasploit, nmap, nmap_vuln
2026-09-06 19:47:07,958 INFO    orchestrator: executing module=nmap
2026-09-06 19:47:08,052 INFO    orchestrator: module=nmap finished status=SUCCESS duration_ms=91.8
2026-09-06 19:47:08,053 INFO    orchestrator: executing module=nmap_vuln
2026-09-06 19:47:08,202 INFO    orchestrator: module=nmap_vuln finished status=SUCCESS duration_ms=147.2
2026-09-06 19:47:08,339 INFO    orchestrator: executing module=http_bruteforce
2026-09-06 19:47:08,343 INFO    orchestrator: module=http_bruteforce finished status=SUCCESS duration_ms=3.6
2026-09-06 19:47:08,845 INFO    orchestrator: executing module=http_bruteforce
2026-09-06 19:47:08,911 INFO    orchestrator: module=http_bruteforce finished status=SUCCESS duration_ms=64.5
2026-09-06 19:47:09,411 INFO    orchestrator: executing module=http_bruteforce
2026-09-06 19:47:09,478 INFO    orchestrator: module=http_bruteforce finished status=SUCCESS duration_ms=66.0
2026-09-06 19:47:09,979 ERROR   orchestrator: module metasploit unavailable: [MISSING] (metasploit) pymetasploit3 is not installed. Install dependencies with: pip install -r requirements.txt
2026-09-06 19:47:13,533 INFO    talos.security: HTTP method test target=https://example.com methods={'HEAD': {'status': 200, 'length': 0, 'allowed': True, 'allow': 'GET, HEAD', 'trace_reflection': ''}, 'PUT': {'status': 405, 'length': 558, 'allowed': False, 'allow': '', 'trace_reflection': ''}, 'DELETE': {'status': 405, 'length': 558, 'allowed': False, 'allow': '', 'trace_reflection': ''}, 'PATCH': {'status': 405, 'length': 558, 'allowed': False, 'allow': '', 'trace_reflection': ''}, 'OPTIONS': {'status': 405, 'length': 558, 'allowed': False, 'allow': '', 'trace_reflection': ''}, 'TRACE': {'status': 405, 'length': 155, 'allowed': False, 'allow': '', 'trace_reflection': '<html>\r <head><title>405 Not Allowed</title></head>\r <body>\r <center><h1>405 Not'}}
2026-09-06 19:47:13,816 INFO    talos.security: vhost scan target=http://example.com tested=3 findings=0
2026-09-06 19:47:14,124 INFO    talos.security: directory scan target=https://example.com tested=3 findings=0
2026-09-06 19:47:35,848 INFO    talos.security: WAF detection target=https://example.com likely=False evidence=0
2026-09-06 19:47:35,853 INFO    talos.security: JWT analyzed algorithm=HS256 findings=2
2026-09-06 19:47:35,943 INFO    talos.security: HTTP2/TLS check host=example.com port=443
2026-09-06 19:47:35,944 INFO    talos.security: HIBP lookup skipped because HIBP_API_KEY is absent
2026-09-06 19:47:35,962 INFO    talos.security: takeover check tested=2 findings=0
2026-09-06 19:48:09,460 INFO    talos.menu: module=36 title=HTTP Login Brute-Forcer elapsed_ms=11408.532 result_keys_added=['http_bruteforce'] total_result_sets=1
2026-09-06 19:48:56,012 INFO    talos.menu: module=26 title=DNS Zone Transfer Check elapsed_ms=2043.647 result_keys_added=[] total_result_sets=0
2026-09-06 19:49:11,100 INFO    talos.menu: module=36 title=HTTP Login Brute-Forcer elapsed_ms=4028.654 result_keys_added=[] total_result_sets=0
2026-09-06 19:49:19,592 INFO    talos.menu: module=36 title=HTTP Login Brute-Forcer elapsed_ms=3053.291 result_keys_added=[] total_result_sets=0
2026-09-06 19:49:52,624 INFO    talos.menu: module=36 title=HTTP Login Brute-Forcer elapsed_ms=22009.492 result_keys_added=['http_bruteforce'] total_result_sets=1
2026-09-06 19:50:24,733 INFO    talos.menu: module=36 title=HTTP Login Brute-Forcer elapsed_ms=11010.617 result_keys_added=[] total_result_sets=1
2026-09-06 19:52:33,960 INFO    orchestrator: loaded 4 module(s): http_bruteforce, metasploit, nmap, nmap_vuln
2026-09-06 19:52:33,961 INFO    orchestrator: executing module=nmap
2026-09-06 19:52:34,008 INFO    orchestrator: module=nmap finished status=SUCCESS duration_ms=44.3
2026-09-06 19:52:34,008 INFO    orchestrator: executing module=nmap_vuln
2026-09-06 19:52:34,101 INFO    orchestrator: module=nmap_vuln finished status=SUCCESS duration_ms=91.5
2026-09-06 19:52:34,185 INFO    orchestrator: executing module=http_bruteforce
2026-09-06 19:52:34,290 INFO    orchestrator: module=http_bruteforce finished status=SUCCESS duration_ms=104.3
2026-09-06 19:52:34,741 INFO    orchestrator: executing module=http_bruteforce
2026-09-06 19:52:34,800 INFO    orchestrator: module=http_bruteforce finished status=SUCCESS duration_ms=58.7
2026-09-06 19:52:35,301 INFO    orchestrator: executing module=http_bruteforce
2026-09-06 19:52:35,407 INFO    orchestrator: module=http_bruteforce finished status=SUCCESS duration_ms=105.6
2026-09-06 19:52:35,857 ERROR   orchestrator: module metasploit unavailable: [MISSING] (metasploit) pymetasploit3 is not installed. Install dependencies with: pip install -r requirements.txt
2026-09-06 19:52:35,889 INFO    talos.security: JWT analyzed algorithm=HS256 findings=2
2026-09-06 19:52:35,889 INFO    talos.security: HIBP lookup skipped because HIBP_API_KEY is absent
2026-09-06 19:52:44,230 INFO    orchestrator: loaded 4 module(s): http_bruteforce, metasploit, nmap, nmap_vuln
2026-09-06 19:52:44,230 INFO    orchestrator: executing module=nmap
2026-09-06 19:52:44,262 INFO    orchestrator: module=nmap finished status=SUCCESS duration_ms=31.7
2026-09-06 19:52:44,263 INFO    orchestrator: executing module=nmap_vuln
2026-09-06 19:52:44,349 INFO    orchestrator: module=nmap_vuln finished status=SUCCESS duration_ms=84.8
2026-09-06 19:52:44,416 INFO    orchestrator: executing module=http_bruteforce
2026-09-06 19:52:44,521 INFO    orchestrator: module=http_bruteforce finished status=SUCCESS duration_ms=105.1
2026-09-06 19:52:44,972 INFO    orchestrator: executing module=http_bruteforce
2026-09-06 19:52:45,031 INFO    orchestrator: module=http_bruteforce finished status=SUCCESS duration_ms=58.1
2026-09-06 19:52:45,533 INFO    orchestrator: executing module=http_bruteforce
2026-09-06 19:52:45,641 INFO    orchestrator: module=http_bruteforce finished status=SUCCESS duration_ms=107.4
2026-09-06 19:52:46,090 ERROR   orchestrator: module metasploit unavailable: [MISSING] (metasploit) pymetasploit3 is not installed. Install dependencies with: pip install -r requirements.txt
2026-09-06 19:52:49,692 INFO    talos.security: HTTP method test target=https://example.com methods={'HEAD': {'status': 200, 'length': 0, 'allowed': True, 'allow': 'GET, HEAD', 'trace_reflection': ''}, 'PUT': {'status': 405, 'length': 558, 'allowed': False, 'allow': '', 'trace_reflection': ''}, 'DELETE': {'status': 405, 'length': 558, 'allowed': False, 'allow': '', 'trace_reflection': ''}, 'PATCH': {'status': 405, 'length': 558, 'allowed': False, 'allow': '', 'trace_reflection': ''}, 'OPTIONS': {'status': 405, 'length': 558, 'allowed': False, 'allow': '', 'trace_reflection': ''}, 'TRACE': {'status': 405, 'length': 155, 'allowed': False, 'allow': '', 'trace_reflection': '<html>\r <head><title>405 Not Allowed</title></head>\r <body>\r <center><h1>405 Not'}}
2026-09-06 19:52:50,048 INFO    talos.security: vhost scan target=http://example.com tested=3 findings=0
2026-09-06 19:52:50,298 INFO    talos.security: directory scan target=https://example.com tested=3 findings=0
2026-09-06 19:53:25,279 INFO    talos.security: WAF detection target=https://example.com likely=False evidence=0
2026-09-06 19:53:25,285 INFO    talos.security: JWT analyzed algorithm=HS256 findings=2
2026-09-06 19:53:25,384 INFO    talos.security: HTTP2/TLS check host=example.com port=443
2026-09-06 19:53:25,386 INFO    talos.security: HIBP lookup skipped because HIBP_API_KEY is absent
2026-09-06 19:53:25,426 INFO    talos.security: takeover check tested=2 findings=0
2026-09-06 19:54:15,002 INFO    talos.menu: module=36 title=HTTP Login Brute-Forcer elapsed_ms=15086.700 result_keys_added=['http_bruteforce'] total_result_sets=1
2026-09-06 19:56:09,557 INFO    orchestrator: loaded 4 module(s): http_bruteforce, metasploit, nmap, nmap_vuln
2026-09-06 19:56:09,557 INFO    orchestrator: executing module=nmap
2026-09-06 19:56:09,589 INFO    orchestrator: module=nmap finished status=SUCCESS duration_ms=30.0
2026-09-06 19:56:09,589 INFO    orchestrator: executing module=nmap_vuln
2026-09-06 19:56:09,661 INFO    orchestrator: module=nmap_vuln finished status=SUCCESS duration_ms=71.1
2026-09-06 19:56:09,719 INFO    orchestrator: executing module=http_bruteforce
2026-09-06 19:56:09,825 INFO    orchestrator: module=http_bruteforce finished status=SUCCESS duration_ms=105.5
2026-09-06 19:56:10,276 INFO    orchestrator: executing module=http_bruteforce
2026-09-06 19:56:10,333 INFO    orchestrator: module=http_bruteforce finished status=SUCCESS duration_ms=56.7
2026-09-06 19:56:10,834 INFO    orchestrator: executing module=http_bruteforce
2026-09-06 19:56:10,942 INFO    orchestrator: module=http_bruteforce finished status=SUCCESS duration_ms=107.6
2026-09-06 19:56:11,392 ERROR   orchestrator: module metasploit unavailable: [MISSING] (metasploit) pymetasploit3 is not installed. Install dependencies with: pip install -r requirements.txt
2026-09-06 19:56:11,411 INFO    talos.security: JWT analyzed algorithm=HS256 findings=2
2026-09-06 19:56:11,412 INFO    talos.security: HIBP lookup skipped because HIBP_API_KEY is absent
2026-09-06 19:56:26,885 INFO    orchestrator: loaded 4 module(s): http_bruteforce, metasploit, nmap, nmap_vuln
2026-09-06 19:56:26,885 INFO    orchestrator: executing module=nmap
2026-09-06 19:56:26,913 INFO    orchestrator: module=nmap finished status=SUCCESS duration_ms=27.0
2026-09-06 19:56:26,914 INFO    orchestrator: executing module=nmap_vuln
2026-09-06 19:56:26,988 INFO    orchestrator: module=nmap_vuln finished status=SUCCESS duration_ms=73.6
2026-09-06 19:56:27,044 INFO    orchestrator: executing module=http_bruteforce
2026-09-06 19:56:27,149 INFO    orchestrator: module=http_bruteforce finished status=SUCCESS duration_ms=104.6
2026-09-06 19:56:27,601 INFO    orchestrator: executing module=http_bruteforce
2026-09-06 19:56:27,657 INFO    orchestrator: module=http_bruteforce finished status=SUCCESS duration_ms=55.6
2026-09-06 19:56:28,158 INFO    orchestrator: executing module=http_bruteforce
2026-09-06 19:56:28,318 INFO    orchestrator: module=http_bruteforce finished status=SUCCESS duration_ms=159.6
2026-09-06 19:56:28,768 ERROR   orchestrator: module metasploit unavailable: [MISSING] (metasploit) pymetasploit3 is not installed. Install dependencies with: pip install -r requirements.txt
2026-09-06 19:56:28,792 INFO    talos.security: JWT analyzed algorithm=HS256 findings=2
2026-09-06 19:56:28,793 INFO    talos.security: HIBP lookup skipped because HIBP_API_KEY is absent
2026-09-06 19:56:33,130 INFO    orchestrator: loaded 4 module(s): http_bruteforce, metasploit, nmap, nmap_vuln
2026-09-06 19:56:33,130 INFO    orchestrator: executing module=nmap
2026-09-06 19:56:33,158 INFO    orchestrator: module=nmap finished status=SUCCESS duration_ms=26.7
2026-09-06 19:56:33,158 INFO    orchestrator: executing module=nmap_vuln
2026-09-06 19:56:33,229 INFO    orchestrator: module=nmap_vuln finished status=SUCCESS duration_ms=69.5
2026-09-06 19:56:33,284 INFO    orchestrator: executing module=http_bruteforce
2026-09-06 19:56:33,389 INFO    orchestrator: module=http_bruteforce finished status=SUCCESS duration_ms=104.7
2026-09-06 19:56:33,840 INFO    orchestrator: executing module=http_bruteforce
2026-09-06 19:56:33,898 INFO    orchestrator: module=http_bruteforce finished status=SUCCESS duration_ms=57.7
2026-09-06 19:56:34,399 INFO    orchestrator: executing module=http_bruteforce
2026-09-06 19:56:34,559 INFO    orchestrator: module=http_bruteforce finished status=SUCCESS duration_ms=159.3
2026-09-06 19:56:35,008 ERROR   orchestrator: module metasploit unavailable: [MISSING] (metasploit) pymetasploit3 is not installed. Install dependencies with: pip install -r requirements.txt
2026-09-06 19:56:38,575 INFO    talos.security: HTTP method test target=https://example.com methods={'HEAD': {'status': 200, 'length': 0, 'allowed': True, 'allow': 'GET, HEAD', 'trace_reflection': ''}, 'PUT': {'status': 405, 'length': 558, 'allowed': False, 'allow': '', 'trace_reflection': ''}, 'DELETE': {'status': 405, 'length': 558, 'allowed': False, 'allow': '', 'trace_reflection': ''}, 'PATCH': {'status': 405, 'length': 558, 'allowed': False, 'allow': '', 'trace_reflection': ''}, 'OPTIONS': {'status': 405, 'length': 558, 'allowed': False, 'allow': '', 'trace_reflection': ''}, 'TRACE': {'status': 405, 'length': 155, 'allowed': False, 'allow': '', 'trace_reflection': '<html>\r <head><title>405 Not Allowed</title></head>\r <body>\r <center><h1>405 Not'}}
2026-09-06 19:56:38,852 INFO    talos.security: vhost scan target=http://example.com tested=3 findings=0
2026-09-06 19:56:39,119 INFO    talos.security: directory scan target=https://example.com tested=3 findings=0
2026-09-06 19:56:59,435 INFO    talos.security: WAF detection target=https://example.com likely=False evidence=0
2026-09-06 19:56:59,439 INFO    talos.security: JWT analyzed algorithm=HS256 findings=2
2026-09-06 19:56:59,533 INFO    talos.security: HTTP2/TLS check host=example.com port=443
2026-09-06 19:56:59,535 INFO    talos.security: HIBP lookup skipped because HIBP_API_KEY is absent
2026-09-06 19:56:59,553 INFO    talos.security: takeover check tested=2 findings=0
2026-09-06 19:57:32,133 INFO    talos.menu: module=36 title=HTTP Login Brute-Forcer elapsed_ms=12645.412 result_keys_added=['http_bruteforce'] total_result_sets=1
2026-09-06 19:59:12,207 INFO    talos.menu: module=36 title=HTTP Login Brute-Forcer elapsed_ms=74883.096 result_keys_added=['http_bruteforce'] total_result_sets=1
2026-09-06 19:59:31,556 INFO    talos.menu: module=36 title=HTTP Login Brute-Forcer elapsed_ms=5969.171 result_keys_added=[] total_result_sets=1
2026-09-06 20:00:33,498 INFO    orchestrator: loaded 4 module(s): http_bruteforce, metasploit, nmap, nmap_vuln
2026-09-06 20:00:33,498 INFO    orchestrator: executing module=nmap
2026-09-06 20:00:33,546 INFO    orchestrator: module=nmap finished status=SUCCESS duration_ms=44.6
2026-09-06 20:00:33,546 INFO    orchestrator: executing module=nmap_vuln
2026-09-06 20:00:33,651 INFO    orchestrator: module=nmap_vuln finished status=SUCCESS duration_ms=104.6
2026-09-06 20:00:33,719 INFO    orchestrator: executing module=http_bruteforce
2026-09-06 20:00:33,824 INFO    orchestrator: module=http_bruteforce finished status=SUCCESS duration_ms=105.0
2026-09-06 20:00:34,275 INFO    orchestrator: executing module=http_bruteforce
2026-09-06 20:00:34,334 INFO    orchestrator: module=http_bruteforce finished status=SUCCESS duration_ms=58.0
2026-09-06 20:00:34,836 INFO    orchestrator: executing module=http_bruteforce
2026-09-06 20:00:35,003 INFO    orchestrator: module=http_bruteforce finished status=SUCCESS duration_ms=166.4
2026-09-06 20:00:35,452 ERROR   orchestrator: module metasploit unavailable: [MISSING] (metasploit) pymetasploit3 is not installed. Install dependencies with: pip install -r requirements.txt
2026-09-06 20:00:38,874 INFO    talos.security: HTTP method test target=https://example.com methods={'HEAD': {'status': 200, 'length': 0, 'allowed': True, 'allow': 'GET, HEAD', 'trace_reflection': ''}, 'PUT': {'status': 405, 'length': 558, 'allowed': False, 'allow': '', 'trace_reflection': ''}, 'DELETE': {'status': 405, 'length': 558, 'allowed': False, 'allow': '', 'trace_reflection': ''}, 'PATCH': {'status': 405, 'length': 558, 'allowed': False, 'allow': '', 'trace_reflection': ''}, 'OPTIONS': {'status': 405, 'length': 558, 'allowed': False, 'allow': '', 'trace_reflection': ''}, 'TRACE': {'status': 405, 'length': 155, 'allowed': False, 'allow': '', 'trace_reflection': '<html>\r <head><title>405 Not Allowed</title></head>\r <body>\r <center><h1>405 Not'}}
2026-09-06 20:00:39,150 INFO    talos.security: vhost scan target=http://example.com tested=3 findings=0
2026-09-06 20:00:39,412 INFO    talos.security: directory scan target=https://example.com tested=3 findings=0
2026-09-06 20:01:10,664 INFO    talos.security: WAF detection target=https://example.com likely=False evidence=0
2026-09-06 20:01:10,674 INFO    talos.security: JWT analyzed algorithm=HS256 findings=2
2026-09-06 20:01:10,763 INFO    talos.security: HTTP2/TLS check host=example.com port=443
2026-09-06 20:01:10,764 INFO    talos.security: HIBP lookup skipped because HIBP_API_KEY is absent
2026-09-06 20:01:10,797 INFO    talos.security: takeover check tested=2 findings=0
2026-09-06 20:02:59,679 INFO    orchestrator: loaded 4 module(s): http_bruteforce, metasploit, nmap, nmap_vuln
2026-09-06 20:02:59,679 INFO    orchestrator: executing module=nmap
2026-09-06 20:02:59,711 INFO    orchestrator: module=nmap finished status=SUCCESS duration_ms=30.2
2026-09-06 20:02:59,711 INFO    orchestrator: executing module=nmap_vuln
2026-09-06 20:02:59,790 INFO    orchestrator: module=nmap_vuln finished status=SUCCESS duration_ms=78.3
2026-09-06 20:02:59,861 INFO    orchestrator: executing module=http_bruteforce
2026-09-06 20:02:59,967 INFO    orchestrator: module=http_bruteforce finished status=SUCCESS duration_ms=105.5
2026-09-06 20:03:00,418 INFO    orchestrator: executing module=http_bruteforce
2026-09-06 20:03:00,476 INFO    orchestrator: module=http_bruteforce finished status=SUCCESS duration_ms=57.8
2026-09-06 20:03:00,977 INFO    orchestrator: executing module=http_bruteforce
2026-09-06 20:03:01,137 INFO    orchestrator: module=http_bruteforce finished status=SUCCESS duration_ms=159.4
2026-09-06 20:03:01,587 ERROR   orchestrator: module metasploit unavailable: [MISSING] (metasploit) pymetasploit3 is not installed. Install dependencies with: pip install -r requirements.txt
2026-09-06 20:03:01,607 INFO    talos.security: JWT analyzed algorithm=HS256 findings=2
2026-09-06 20:03:01,607 INFO    talos.security: HIBP lookup skipped because HIBP_API_KEY is absent
2026-09-06 20:03:16,521 INFO    talos.security: HTTP method test target=http://target methods={'HEAD': {'status': 403, 'length': 0, 'allowed': False, 'allow': '', 'trace_reflection': ''}, 'PUT': {'status': 403, 'length': 0, 'allowed': False, 'allow': '', 'trace_reflection': ''}, 'DELETE': {'status': 403, 'length': 0, 'allowed': False, 'allow': '', 'trace_reflection': ''}, 'PATCH': {'status': 403, 'length': 0, 'allowed': False, 'allow': '', 'trace_reflection': ''}, 'OPTIONS': {'status': 403, 'length': 0, 'allowed': False, 'allow': '', 'trace_reflection': ''}, 'TRACE': {'status': 403, 'length': 0, 'allowed': False, 'allow': '', 'trace_reflection': ''}}
2026-09-06 20:03:20,725 INFO    orchestrator: loaded 4 module(s): http_bruteforce, metasploit, nmap, nmap_vuln
2026-09-06 20:03:20,726 INFO    orchestrator: executing module=nmap
2026-09-06 20:03:20,757 INFO    orchestrator: module=nmap finished status=SUCCESS duration_ms=30.2
2026-09-06 20:03:20,758 INFO    orchestrator: executing module=nmap_vuln
2026-09-06 20:03:20,833 INFO    orchestrator: module=nmap_vuln finished status=SUCCESS duration_ms=74.7
2026-09-06 20:03:20,896 INFO    orchestrator: executing module=http_bruteforce
2026-09-06 20:03:21,002 INFO    orchestrator: module=http_bruteforce finished status=SUCCESS duration_ms=105.4
2026-09-06 20:03:21,453 INFO    orchestrator: executing module=http_bruteforce
2026-09-06 20:03:21,512 INFO    orchestrator: module=http_bruteforce finished status=SUCCESS duration_ms=58.0
2026-09-06 20:03:22,013 INFO    orchestrator: executing module=http_bruteforce
2026-09-06 20:03:22,173 INFO    orchestrator: module=http_bruteforce finished status=SUCCESS duration_ms=159.8
2026-09-06 20:03:22,623 ERROR   orchestrator: module metasploit unavailable: [MISSING] (metasploit) pymetasploit3 is not installed. Install dependencies with: pip install -r requirements.txt
2026-09-06 20:03:26,102 INFO    talos.security: HTTP method test target=https://example.com methods={'HEAD': {'status': 200, 'length': 0, 'allowed': True, 'allow': 'GET, HEAD', 'trace_reflection': ''}, 'PUT': {'status': 405, 'length': 558, 'allowed': False, 'allow': '', 'trace_reflection': ''}, 'DELETE': {'status': 405, 'length': 558, 'allowed': False, 'allow': '', 'trace_reflection': ''}, 'PATCH': {'status': 405, 'length': 558, 'allowed': False, 'allow': '', 'trace_reflection': ''}, 'OPTIONS': {'status': 405, 'length': 558, 'allowed': False, 'allow': '', 'trace_reflection': ''}, 'TRACE': {'status': 405, 'length': 155, 'allowed': False, 'allow': '', 'trace_reflection': '<html>\r <head><title>405 Not Allowed</title></head>\r <body>\r <center><h1>405 Not'}}
2026-09-06 20:03:26,373 INFO    talos.security: vhost scan target=http://example.com tested=3 findings=0
2026-09-06 20:03:26,685 INFO    talos.security: directory scan target=https://example.com tested=3 findings=0
2026-09-06 20:03:50,512 INFO    talos.security: WAF detection target=https://example.com likely=False evidence=0
2026-09-06 20:03:50,516 INFO    talos.security: JWT analyzed algorithm=HS256 findings=2
2026-09-06 20:03:50,608 INFO    talos.security: HTTP2/TLS check host=example.com port=443
2026-09-06 20:03:50,610 INFO    talos.security: HIBP lookup skipped because HIBP_API_KEY is absent
2026-09-06 20:03:50,631 INFO    talos.security: takeover check tested=2 findings=0
2026-09-07 13:37:14,784 INFO    orchestrator: loaded 4 module(s): http_bruteforce, metasploit, nmap, nmap_vuln
2026-09-07 13:37:14,785 INFO    orchestrator: executing module=nmap
2026-09-07 13:37:14,847 INFO    orchestrator: module=nmap finished status=SUCCESS duration_ms=60.3
2026-09-07 13:37:14,847 INFO    orchestrator: executing module=nmap_vuln
2026-09-07 13:37:14,933 INFO    orchestrator: module=nmap_vuln finished status=SUCCESS duration_ms=85.4
2026-09-07 13:37:15,030 INFO    orchestrator: executing module=http_bruteforce
2026-09-07 13:37:15,137 INFO    orchestrator: module=http_bruteforce finished status=SUCCESS duration_ms=106.1
2026-09-07 13:37:15,588 INFO    orchestrator: executing module=http_bruteforce
2026-09-07 13:37:15,661 INFO    orchestrator: module=http_bruteforce finished status=SUCCESS duration_ms=72.5
2026-09-07 13:37:16,162 INFO    orchestrator: executing module=http_bruteforce
2026-09-07 13:37:16,323 INFO    orchestrator: module=http_bruteforce finished status=SUCCESS duration_ms=160.0
2026-09-07 13:37:16,802 ERROR   orchestrator: module metasploit unavailable: [MISSING] (metasploit) MSF_RPC_PASSWORD is not set. Start the RPC daemon with 'msfrpcd -P <password> -a 127.0.0.1 -p 55553' and export MSF_RPC_PASSWORD=<password> (or put it in a .env file).
2026-09-07 13:37:16,827 INFO    talos.security: JWT analyzed algorithm=HS256 findings=2
2026-09-07 13:37:16,827 INFO    talos.security: HIBP lookup skipped because HIBP_API_KEY is absent
2026-09-07 13:41:23,501 INFO    orchestrator: loaded 4 module(s): http_bruteforce, metasploit, nmap, nmap_vuln
2026-09-07 13:41:23,501 INFO    orchestrator: executing module=nmap
2026-09-07 13:41:23,528 INFO    orchestrator: module=nmap finished status=SUCCESS duration_ms=25.0
2026-09-07 13:41:23,528 INFO    orchestrator: executing module=nmap_vuln
2026-09-07 13:41:23,596 INFO    orchestrator: module=nmap_vuln finished status=SUCCESS duration_ms=67.1
2026-09-07 13:41:23,634 INFO    orchestrator: executing module=http_bruteforce
2026-09-07 13:41:23,739 INFO    orchestrator: module=http_bruteforce finished status=SUCCESS duration_ms=105.4
2026-09-07 13:41:24,190 INFO    orchestrator: executing module=http_bruteforce
2026-09-07 13:41:24,247 INFO    orchestrator: module=http_bruteforce finished status=SUCCESS duration_ms=56.9
2026-09-07 13:41:24,748 INFO    orchestrator: executing module=http_bruteforce
2026-09-07 13:41:24,910 INFO    orchestrator: module=http_bruteforce finished status=SUCCESS duration_ms=161.2
2026-09-07 13:41:25,365 ERROR   orchestrator: module metasploit unavailable: [MISSING] (metasploit) MSF_RPC_PASSWORD is not set. Start the RPC daemon with 'msfrpcd -P <password> -a 127.0.0.1 -p 55553' and export MSF_RPC_PASSWORD=<password> (or put it in a .env file).
2026-09-07 13:41:25,389 INFO    talos.security: JWT analyzed algorithm=HS256 findings=2
2026-09-07 13:41:25,389 INFO    talos.security: HIBP lookup skipped because HIBP_API_KEY is absent
